"TAB"                   "+showscores"
"F1"                    "+showscores"
"ESCAPE"                "cancelselect"
"~"                     "toggleconsole"
"`"                     "toggleconsole"
"+"                     "sizeup"
"="                     "sizeup"
"-"                     "sizedown"
"F12"                   "snapshot"
"F10"                   "quit prompt"
"PAUSE"                 "pause"

"C"			"change"
"CTRL"	 		"+stunt"
"L"			"ignoremode"

"ENTER"                 "weapon"
"UPARROW" 		"+forward"
"DOWNARROW" 		"+back"
"LEFTARROW" 		"+moveleft"
"RIGHTARROW" 		"+moveright"
"W" 			"+forward"
"S" 			"+back"
"A" 			"+moveleft"
"D" 			"+moveright"
"SPACE"			"+jump"
"SHIFT" 		"+duck"

"1"                     "slot1"
"2"                     "slot2"
"3"                     "slot3"
"4"                     "slot4"
"5"                     "slot5"
"6"                     "slot6"
"7"                     "slot7"
"8"                     "slot8"
"9"                     "slot9"
"0"                     "slot10"

"="                     "sizeup"
"["                     "invprev"
"]"                     "invnext"

"R"	                "+reload"
"MOUSE1"                "+attack"
"MOUSE2"                "+attack2"
"MOUSE3"		"+stunt"

"t"                     "messagemode"
"y"                     "messagemode2"

"B"                     "heal"
"I"	                "dropitem"
"PGDN"                  "+commandmenu"
"O"                   	"useitem"
"P"                     "dropweapon"
"F"	  		"tkok"

"U"                     "+use"
"MWHEELDOWN"            "invnext"
"MWHEELUP"              "invprev"
"PAUSE"                 "pause"